// Jest Snapshot v1, https://goo.gl/fbAQLP

exports[`<PractitionerFeedListItem /> matches snapshot 1`] = `
<body>
  <div>
    <li
      class="text-left mb-5 bg-amber-50 text-black p-3 rounded-2xl px-10 drop-shadow-md"
    >
      <h1
        class="text-xl font-bold"
      >
        resource-type
      </h1>
      <a
        class="hover:text-amber-300 block text-blue-600"
        href="url"
      >
        Website
      </a>
      <a
        class="hover:text-amber-300 block text-blue-600"
        href="mailto:email"
      >
        Email
      </a>
    </li>
  </div>
</body>
`;
